app/projects/[id]/page.tsx(60,17): error TS2339: Property 'filter' does not exist on type '{}'.
app/projects/[id]/page.tsx(61,24): error TS2339: Property 'filter' does not exist on type '{}'.
app/projects/[id]/page.tsx(62,17): error TS2339: Property 'filter' does not exist on type '{}'.
app/projects/[id]/page.tsx(202,32): error TS2339: Property 'length' does not exist on type '{}'.
app/projects/page.tsx(137,23): error TS2345: Argument of type 'FormData' is not assignable to parameter of type 'CreateProjectPayload | { payload: CreateProjectPayload; document: File; }'.
components/NotificationReceivedPM.tsx(38,24): error TS2345: Argument of type 'unknown' is not assignable to parameter of type 'SetStateAction<ReceivedNotificationDto[]>'.
components/ProjectCard.tsx(43,25): error TS2339: Property 'id' does not exist on type 'ProjectMember'.
components/ProjectCard.tsx(46,21): error TS2339: Property 'name' does not exist on type 'ProjectMember'.
components/TaskAssignmentNotifications.tsx(42,9): error TS2322: Type 'unknown' is not assignable to type 'any[]'.
components/TaskCard.tsx(23,11): error TS2339: Property 'getToken' does not exist on type '{ user: User | null; role: Role | null; isLoading: boolean; isAuthenticated: boolean; error: Error | null; login: UseMutationResult<LoginResponse, Error, LoginPayload, unknown>; logout: UseMutationResult<...>; }'.
hooks/useAuth.ts(22,29): error TS2339: Property 'status' does not exist on type '{}'.
hooks/useAuth.ts(22,53): error TS2339: Property 'code' does not exist on type '{}'.
hooks/useTasks.ts(5,10): error TS2305: Module '"@/utils/constants"' has no exported member 'mockTasks'.
hooks/useTasks.ts(11,29): error TS2554: Expected 0 arguments, but got 1.
hooks/useTasks.ts(12,36): error TS7006: Parameter 'task' implicitly has an 'any' type.
hooks/useTasks.ts(30,22): error TS2345: Argument of type 'Partial<Task>' is not assignable to parameter of type 'Partial<Omit<CreateTaskPayload, "projectId">>'.
  Types of property 'assigneeId' are incompatible.
    Type 'string | null | undefined' is not assignable to type 'string | undefined'.
      Type 'null' is not assignable to type 'string | undefined'.
